******************************************************************************
                  TI ARM Linker PC v20.2.5                     
******************************************************************************
>> Linked Fri Apr 22 19:31:35 2022

OUTPUT FILE NAME:   <LED_Button_Test_Copy_4.out>
ENTRY POINT SYMBOL: "_c_int00_noargs"  address: 00000d91


MEMORY CONFIGURATION

         name            origin    length      used     unused   attr    fill
----------------------  --------  ---------  --------  --------  ----  --------
  FLASH                 00000000   00040000  00001160  0003eea0  R  X
  SRAM                  20000000   00008000  000005d0  00007a30  RW X


SEGMENT ALLOCATION MAP

run origin  load origin   length   init length attrs members
----------  ----------- ---------- ----------- ----- -------
00000000    00000000    00001160   00001160    r-x
  00000000    00000000    0000026c   0000026c    r-- .intvecs
  0000026c    0000026c    00000d30   00000d30    r-x .text
  00000f9c    00000f9c    0000017c   0000017c    r-- .const
  00001118    00001118    00000048   00000048    r-- .cinit
20000000    20000000    000005d4   00000000    rw-
  20000000    20000000    0000026c   00000000    rw- .vtable
  20000270    20000270    00000200   00000000    rw- .stack
  20000470    20000470    00000150   00000000    rw- .bss
  200005c0    200005c0    00000014   00000000    rw- .data


SECTION ALLOCATION MAP

 output                                  attributes/
section   page    origin      length       input sections
--------  ----  ----------  ----------   ----------------
.intvecs   0    00000000    0000026c     
                  00000000    0000026c     startup_ccs.obj (.intvecs)

.text      0    0000026c    00000d30     
                  0000026c    00000158     LED_Button_Test_Copy_4.obj (.text:Input_Sequence)
                  000003c4    00000138     LED_Button_Test_Copy_4.obj (.text:main)
                  000004fc    00000132     driverlib.lib : gpio.obj (.text:GPIOPadConfigSet)
                  0000062e    00000002     startup_ccs.obj (.text:FaultISR)
                  00000630    00000110     driverlib.lib : sysctl.obj (.text:SysCtlClockGet)
                  00000740    000000f4                   : sysctl.obj (.text:SysCtlClockSet)
                  00000834    0000009c     rtsv7M4_T_le_v4SPD16_eabi.lib : memcpy_t2.asm.obj (.text)
                  000008d0    0000007c     LED_Button_Test_Copy_4.obj (.text:Timer0IntHandler)
                  0000094c    00000068     driverlib.lib : interrupt.obj (.text:IntEnable)
                  000009b4    00000068     rtsv7M4_T_le_v4SPD16_eabi.lib : copy_decompress_lzss.c.obj (.text:decompress:lzss:__TI_decompress_lzss)
                  00000a1c    00000060     LED_Button_Test_Copy_4.obj (.text:Incorrect_Input)
                  00000a7c    0000005e     rtsv7M4_T_le_v4SPD16_eabi.lib : i_divt2.asm.obj (.text)
                  00000ada    00000002     startup_ccs.obj (.text:IntDefaultHandler)
                  00000adc    0000005c     LED_Button_Test_Copy_4.obj (.text:Correct_Input)
                  00000b38    0000004c     driverlib.lib : timer.obj (.text:_TimerIntNumberGet)
                  00000b84    00000048     rtsv7M4_T_le_v4SPD16_eabi.lib : hosttime.c.obj (.text:HOSTtime)
                  00000bcc    00000044                                   : autoinit.c.obj (.text:__TI_auto_init_nobinit_nopinit:__TI_auto_init_nobinit_nopinit)
                  00000c10    00000040     LED_Button_Test_Copy_4.obj (.text:Show_Sequence)
                  00000c50    00000038     driverlib.lib : sysctl.obj (.text:SysCtlPeripheralReady)
                  00000c88    00000038     rtsv7M4_T_le_v4SPD16_eabi.lib : trgmsg.c.obj (.text:__TI_writemsg)
                  00000cc0    00000034     LED_Button_Test_Copy_4.obj (.text:Build_Sequence)
                  00000cf4    00000034     driverlib.lib : interrupt.obj (.text:IntRegister)
                  00000d28    00000034                   : sysctl.obj (.text:SysCtlPeripheralEnable)
                  00000d5c    00000034     rtsv7M4_T_le_v4SPD16_eabi.lib : trgmsg.c.obj (.text:__TI_readmsg)
                  00000d90    00000034                                   : boot_cortex_m.c.obj (.text:_c_int00_noargs:_c_int00_noargs)
                  00000dc4    00000034                                   : rand.c.obj (.text:rand)
                  00000df8    0000002c     LED_Button_Test_Copy_4.obj (.text:LEDs_On)
                  00000e24    0000002a     driverlib.lib : gpio.obj (.text:GPIODirModeSet)
                  00000e4e    00000002     startup_ccs.obj (.text:NmiSR)
                  00000e50    00000028     LED_Button_Test_Copy_4.obj (.text:DelaySetup)
                  00000e78    00000024     rtsv7M4_T_le_v4SPD16_eabi.lib : rand.c.obj (.text:srand)
                  00000e9c    00000022     LED_Button_Test_Copy_4.obj (.text:Randomizer)
                  00000ebe    0000001c     rtsv7M4_T_le_v4SPD16_eabi.lib : copy_zero_init.c.obj (.text:decompress:ZI:__TI_zero_init_nomemset:__TI_zero_init_nomemset)
                  00000eda    00000018     driverlib.lib : gpio.obj (.text:GPIOPinTypeGPIOOutput)
                  00000ef2    00000018                   : timer.obj (.text:TimerIntRegister)
                  00000f0a    00000012                   : timer.obj (.text:TimerLoadSet)
                  00000f1c    00000010     LED_Button_Test_Copy_4.obj (.text:LEDs_Off)
                  00000f2c    00000010     LED_Button_Test_Copy_4.obj (.text:myDelay)
                  00000f3c    0000000e     driverlib.lib : timer.obj (.text:TimerEnable)
                  00000f4a    0000000e     rtsv7M4_T_le_v4SPD16_eabi.lib : time.c.obj (.text:__time32)
                  00000f58    0000000e                                   : copy_decompress_none.c.obj (.text:decompress:none:__TI_decompress_none)
                  00000f66    00000008     driverlib.lib : timer.obj (.text:TimerIntEnable)
                  00000f6e    00000006                   : gpio.obj (.text:GPIOPinRead)
                  00000f74    00000006                   : gpio.obj (.text:GPIOPinWrite)
                  00000f7a    00000006     startup_ccs.obj (.text:ResetISR)
                  00000f80    00000006     driverlib.lib : sysctl.obj (.text:SysCtlDelay)
                  00000f86    00000006                   : timer.obj (.text:TimerClockSourceGet)
                  00000f8c    00000004                   : timer.obj (.text:TimerIntClear)
                  00000f90    00000004     rtsv7M4_T_le_v4SPD16_eabi.lib : pre_init.c.obj (.text:_system_pre_init)
                  00000f94    00000004                                   : exit.c.obj (.text:abort:abort)
                  00000f98    00000002                                   : _lock.c.obj (.text:_nop)
                  00000f9a    00000002                                   : div0.asm.obj (.text)

.const     0    00000f9c    0000017c     
                  00000f9c    00000070     driverlib.lib : interrupt.obj (.const)
                  0000100c    0000006c                   : sysctl.obj (.const:g_pui32Xtals)
                  00001078    00000060                   : timer.obj (.const:g_ppui32TimerIntMap)
                  000010d8    00000040                   : timer.obj (.const:g_ppui32TimerIntMapSnowflake)

.cinit     0    00001118    00000048     
                  00001118    00000010     (.cinit..data.load) [load image, compression = lzss]
                  00001128    0000000c     (__TI_handler_table)
                  00001134    00000004     --HOLE-- [fill = 0]
                  00001138    00000008     (.cinit..bss.load) [load image, compression = zero_init]
                  00001140    00000008     (.cinit..vtable.load) [load image, compression = zero_init]
                  00001148    00000018     (__TI_cinit_table)

.init_array 
*          0    00000000    00000000     UNINITIALIZED

.vtable    0    20000000    0000026c     UNINITIALIZED
                  20000000    0000026c     driverlib.lib : interrupt.obj (.vtable)

.bss       0    20000470    00000150     UNINITIALIZED
                  20000470    00000120     rtsv7M4_T_le_v4SPD16_eabi.lib : trgmsg.c.obj (.bss:_CIOBUF_)
                  20000590    00000014     (.common:random_sequence)
                  200005a4    00000014     (.common:user_sequence)
                  200005b8    00000008     (.common:parmbuf)

.data      0    200005c0    00000014     UNINITIALIZED
                  200005c0    00000008     rtsv7M4_T_le_v4SPD16_eabi.lib : _lock.c.obj (.data:$O1$$)
                  200005c8    00000005     LED_Button_Test_Copy_4.obj (.data)
                  200005cd    00000003     --HOLE--
                  200005d0    00000004     rtsv7M4_T_le_v4SPD16_eabi.lib : rand.c.obj (.data)

.stack     0    20000270    00000200     UNINITIALIZED
                  20000270    00000004     rtsv7M4_T_le_v4SPD16_eabi.lib : boot_cortex_m.c.obj (.stack)
                  20000274    000001fc     --HOLE--

__llvm_prf_cnts 
*          0    20000000    00000000     UNINITIALIZED

MODULE SUMMARY

       Module                       code   ro data   rw data
       ------                       ----   -------   -------
    .\
       LED_Button_Test_Copy_4.obj   1234   0         45     
       startup_ccs.obj              12     620       0      
    +--+----------------------------+------+---------+---------+
       Total:                       1246   620       45     
                                                            
    C:/ti/tivaware_c_series_2_1_4_178/driverlib/ccs/Debug/driverlib.lib
       interrupt.obj                156    112       620    
       sysctl.obj                   630    108       0      
       gpio.obj                     384    0         0      
       timer.obj                    150    160       0      
    +--+----------------------------+------+---------+---------+
       Total:                       1320   380       620    
                                                            
    C:\ti\ccs1110\ccs\tools\compiler\ti-cgt-arm_20.2.5.LTS\lib\rtsv7M4_T_le_v4SPD16_eabi.lib
       trgmsg.c.obj                 108    0         288    
       memcpy_t2.asm.obj            156    0         0      
       copy_decompress_lzss.c.obj   104    0         0      
       i_divt2.asm.obj              94     0         0      
       rand.c.obj                   88     0         4      
       hosttime.c.obj               72     0         0      
       autoinit.c.obj               68     0         0      
       boot_cortex_m.c.obj          52     0         0      
       copy_zero_init.c.obj         28     0         0      
       copy_decompress_none.c.obj   14     0         0      
       time.c.obj                   14     0         0      
       _lock.c.obj                  2      0         8      
       hostopen.c.obj               0      0         8      
       exit.c.obj                   4      0         0      
       pre_init.c.obj               4      0         0      
       div0.asm.obj                 2      0         0      
    +--+----------------------------+------+---------+---------+
       Total:                       810    0         308    
                                                            
       Stack:                       0      0         512    
       Linker Generated:            0      68        0      
    +--+----------------------------+------+---------+---------+
       Grand Total:                 3376   1068      1485   


LINKER GENERATED COPY TABLES

__TI_cinit_table @ 00001148 records: 3, size/record: 8, table size: 24
	.data: load addr=00001118, load size=00000010 bytes, run addr=200005c0, run size=00000014 bytes, compression=lzss
	.bss: load addr=00001138, load size=00000008 bytes, run addr=20000470, run size=00000150 bytes, compression=zero_init
	.vtable: load addr=00001140, load size=00000008 bytes, run addr=20000000, run size=0000026c bytes, compression=zero_init


LINKER GENERATED HANDLER TABLE

__TI_handler_table @ 00001128 records: 3, size/record: 4, table size: 12
	index: 0, handler: __TI_zero_init
	index: 1, handler: __TI_decompress_lzss
	index: 2, handler: __TI_decompress_none


GLOBAL SYMBOLS: SORTED ALPHABETICALLY BY Name 

address   name                          
-------   ----                          
00000cc1  Build_Sequence                
00000f95  C$$EXIT                       
00000cb7  C$$IO$$                       
00000add  Correct_Input                 
00000e51  DelaySetup                    
00000e25  GPIODirModeSet                
000004fd  GPIOPadConfigSet              
00000f6f  GPIOPinRead                   
00000edb  GPIOPinTypeGPIOOutput         
00000f75  GPIOPinWrite                  
00000b85  HOSTtime                      
00000a1d  Incorrect_Input               
0000026d  Input_Sequence                
0000094d  IntEnable                     
00000cf5  IntRegister                   
00000f1d  LEDs_Off                      
00000df9  LEDs_On                       
00000e9d  Randomizer                    
00000f7b  ResetISR                      
00000c11  Show_Sequence                 
00000631  SysCtlClockGet                
00000741  SysCtlClockSet                
00000f81  SysCtlDelay                   
00000d29  SysCtlPeripheralEnable        
00000c51  SysCtlPeripheralReady         
000008d1  Timer0IntHandler              
00000f87  TimerClockSourceGet           
00000f3d  TimerEnable                   
00000f8d  TimerIntClear                 
00000f67  TimerIntEnable                
00000ef3  TimerIntRegister              
00000f0b  TimerLoadSet                  
20000470  __CIOBUF_                     
20000470  __STACK_END                   
00000200  __STACK_SIZE                  
20000470  __STACK_TOP                   
00001148  __TI_CINIT_Base               
00001160  __TI_CINIT_Limit              
00001128  __TI_Handler_Table_Base       
00001134  __TI_Handler_Table_Limit      
00000bcd  __TI_auto_init_nobinit_nopinit
000009b5  __TI_decompress_lzss          
00000f59  __TI_decompress_none          
ffffffff  __TI_pprof_out_hndl           
ffffffff  __TI_prof_data_size           
ffffffff  __TI_prof_data_start          
00000d5d  __TI_readmsg                  
00000000  __TI_static_base__            
00000c89  __TI_writemsg                 
00000ebf  __TI_zero_init_nomemset       
00000a7d  __aeabi_idiv                  
00000f9b  __aeabi_idiv0                 
00000a7d  __aeabi_idivmod               
00000f9b  __aeabi_ldiv0                 
00000835  __aeabi_memcpy                
00000835  __aeabi_memcpy4               
00000835  __aeabi_memcpy8               
ffffffff  __binit__                     
ffffffff  __c_args__                    
UNDEFED   __mpu_init                    
20000270  __stack                       
20000000  __start___llvm_prf_cnts       
20000000  __stop___llvm_prf_cnts        
00000f4b  __time32                      
00000d91  _c_int00_noargs               
200005c0  _lock                         
00000f99  _nop                          
UNDEFED   _system_post_cinit            
00000f91  _system_pre_init              
200005c4  _unlock                       
00000f95  abort                         
ffffffff  binit                         
20000000  g_pfnRAMVectors               
00000000  g_pfnVectors                  
200005c8  level                         
000003c5  main                          
00000835  memcpy                        
00000f2d  myDelay                       
200005cc  new_game                      
200005b8  parmbuf                       
00000dc5  rand                          
20000590  random_sequence               
00000e79  srand                         
00000f4b  time                          
200005a4  user_sequence                 


GLOBAL SYMBOLS: SORTED BY Symbol Address 

address   name                          
-------   ----                          
00000000  __TI_static_base__            
00000000  g_pfnVectors                  
00000200  __STACK_SIZE                  
0000026d  Input_Sequence                
000003c5  main                          
000004fd  GPIOPadConfigSet              
00000631  SysCtlClockGet                
00000741  SysCtlClockSet                
00000835  __aeabi_memcpy                
00000835  __aeabi_memcpy4               
00000835  __aeabi_memcpy8               
00000835  memcpy                        
000008d1  Timer0IntHandler              
0000094d  IntEnable                     
000009b5  __TI_decompress_lzss          
00000a1d  Incorrect_Input               
00000a7d  __aeabi_idiv                  
00000a7d  __aeabi_idivmod               
00000add  Correct_Input                 
00000b85  HOSTtime                      
00000bcd  __TI_auto_init_nobinit_nopinit
00000c11  Show_Sequence                 
00000c51  SysCtlPeripheralReady         
00000c89  __TI_writemsg                 
00000cb7  C$$IO$$                       
00000cc1  Build_Sequence                
00000cf5  IntRegister                   
00000d29  SysCtlPeripheralEnable        
00000d5d  __TI_readmsg                  
00000d91  _c_int00_noargs               
00000dc5  rand                          
00000df9  LEDs_On                       
00000e25  GPIODirModeSet                
00000e51  DelaySetup                    
00000e79  srand                         
00000e9d  Randomizer                    
00000ebf  __TI_zero_init_nomemset       
00000edb  GPIOPinTypeGPIOOutput         
00000ef3  TimerIntRegister              
00000f0b  TimerLoadSet                  
00000f1d  LEDs_Off                      
00000f2d  myDelay                       
00000f3d  TimerEnable                   
00000f4b  __time32                      
00000f4b  time                          
00000f59  __TI_decompress_none          
00000f67  TimerIntEnable                
00000f6f  GPIOPinRead                   
00000f75  GPIOPinWrite                  
00000f7b  ResetISR                      
00000f81  SysCtlDelay                   
00000f87  TimerClockSourceGet           
00000f8d  TimerIntClear                 
00000f91  _system_pre_init              
00000f95  C$$EXIT                       
00000f95  abort                         
00000f99  _nop                          
00000f9b  __aeabi_idiv0                 
00000f9b  __aeabi_ldiv0                 
00001128  __TI_Handler_Table_Base       
00001134  __TI_Handler_Table_Limit      
00001148  __TI_CINIT_Base               
00001160  __TI_CINIT_Limit              
20000000  __start___llvm_prf_cnts       
20000000  __stop___llvm_prf_cnts        
20000000  g_pfnRAMVectors               
20000270  __stack                       
20000470  __CIOBUF_                     
20000470  __STACK_END                   
20000470  __STACK_TOP                   
20000590  random_sequence               
200005a4  user_sequence                 
200005b8  parmbuf                       
200005c0  _lock                         
200005c4  _unlock                       
200005c8  level                         
200005cc  new_game                      
ffffffff  __TI_pprof_out_hndl           
ffffffff  __TI_prof_data_size           
ffffffff  __TI_prof_data_start          
ffffffff  __binit__                     
ffffffff  __c_args__                    
ffffffff  binit                         
UNDEFED   __mpu_init                    
UNDEFED   _system_post_cinit            

[85 symbols]
